// Jest Snapshot v1, https://goo.gl/fbAQLP

exports[`HouseholdPage component testing renders UI as expected 1`] = `
<div
  className="loadingContainer"
>
  <img
    alt="megaman"
    src="megaman.gif"
  />
  <p
    className="videoGameTitles"
  >
    Loading
    <span
      className="period"
    >
      .
    </span>
    <span
      className="period"
    >
      .
    </span>
    <span
      className="period"
    >
      .
    </span>
  </p>
</div>
`;
