// Jest Snapshot v1, https://goo.gl/fbAQLP

exports[`renders Task as expected 1`] = `
<li
  className="taskItem"
>
  <p>
    test
  </p>
  <p>
    Points: 
    1
  </p>
  <div
    className="taskControls"
  >
    <button
      onClick={[Function]}
    >
      <svg
        fill="currentColor"
        height="1em"
        stroke="currentColor"
        strokeWidth="0"
        style={
          Object {
            "color": undefined,
          }
        }
        viewBox="0 0 24 24"
        width="1em"
        xmlns="http://www.w3.org/2000/svg"
      >
        <path
          d="M6 19c0 1.1.9 2 2 2h8c1.1 0 2-.9 2-2V7H6v12zM19 4h-3.5l-1-1h-5l-1 1H5v2h14V4z"
        />
      </svg>
    </button>
    <button
      onClick={[Function]}
    >
      <svg
        fill="currentColor"
        height="1em"
        stroke="currentColor"
        strokeWidth="0"
        style={
          Object {
            "color": undefined,
          }
        }
        viewBox="0 0 24 24"
        width="1em"
        xmlns="http://www.w3.org/2000/svg"
      >
        <path
          d="M3 17.25V21h3.75L17.81 9.94l-3.75-3.75L3 17.25zM20.71 7.04c.39-.39.39-1.02 0-1.41l-2.34-2.34c-.39-.39-1.02-.39-1.41 0l-1.83 1.83 3.75 3.75 1.83-1.83z"
        />
      </svg>
    </button>
    <button
      onClick={[Function]}
    >
      <svg
        fill="currentColor"
        height="1em"
        stroke="currentColor"
        strokeWidth="0"
        style={
          Object {
            "color": undefined,
          }
        }
        viewBox="0 0 512 512"
        width="1em"
        xmlns="http://www.w3.org/2000/svg"
      >
        <path
          d="M198 448h172c15.7 0 28.6-9.6 34.2-23.4l57.1-135.4c1.7-4.4 2.6-9 2.6-14v-38.6c0-21.1-17-44.6-37.8-44.6H306.9l18-81.5.6-6c0-7.9-3.2-15.1-8.3-20.3L297 64 171 191.3c-6.8 6.9-11 16.5-11 27.1v192c0 21.1 17.2 37.6 38 37.6zM48 224h64v224H48z"
        />
      </svg>
    </button>
    <button
      onClick={[Function]}
    >
      <svg
        fill="currentColor"
        height="1em"
        stroke="currentColor"
        strokeWidth="0"
        style={
          Object {
            "color": undefined,
          }
        }
        viewBox="0 0 512 512"
        width="1em"
        xmlns="http://www.w3.org/2000/svg"
      >
        <path
          d="M314 64H142c-15.7 0-28.6 9.6-34.2 23.4L50.6 222.8c-1.7 4.4-2.6 9-2.6 14v38.6c0 21.1 17 44.6 37.8 44.6h119.3l-18 81.5-.6 6c0 7.9 3.2 15.1 8.3 20.3l20 20.1L341 320.7c6.8-6.9 11-16.5 11-27.1v-192c0-21.1-17.2-37.6-38-37.6zM400 64h64v224h-64z"
        />
      </svg>
    </button>
  </div>
</li>
`;
