// Jest Snapshot v1, https://goo.gl/fbAQLP

exports[`Landing component testing renders UI as expected 1`] = `
<section
  className="landing"
>
  <div
    className="heroWrapper"
  >
    <div
      className="hero"
    >
      <header>
        <h1
          className="bounce"
        >
          Chore Runner
        </h1>
        <p>
          The 
          <em>
            Smart
          </em>
           Shared To-Do List
        </p>
      </header>
      <div
        className="linkButtons"
      >
        <a
          className="arcadeButton"
          href="/kidLogin"
          onClick={[Function]}
          tabIndex={1}
        >
          I am a kid
        </a>
        <a
          className="arcadeButton"
          href="/login"
          onClick={[Function]}
          tabIndex={2}
        >
          I am a parent
        </a>
        <a
          className="arcadeButton"
          href="/register"
          onClick={[Function]}
          tabIndex={3}
        >
          I am new
        </a>
      </div>
      <div
        className="about"
      >
        <a
          href="#about-info"
        >
          How does it work?
          <svg
            fill="currentColor"
            height="1em"
            stroke="currentColor"
            strokeWidth="0"
            style={
              Object {
                "color": undefined,
              }
            }
            viewBox="0 0 1024 1024"
            width="1em"
            xmlns="http://www.w3.org/2000/svg"
          >
            <path
              d="M840.4 300H183.6c-19.7 0-30.7 20.8-18.5 35l328.4 380.8c9.4 10.9 27.5 10.9 37 0L858.9 335c12.2-14.2 1.2-35-18.5-35z"
            />
          </svg>
        </a>
      </div>
    </div>
  </div>
  <section
    className="onBoarding"
  >
    <header>
      <h3>
        For Kids!
      </h3>
    </header>
    <div
      className="kidImage"
    >
      <img
        alt="Badge"
        src="kidScreen.png"
      />
    </div>
    <div
      className="onBoardingContent"
    >
      <h4>
        Complete challenges, get badges!
      </h4>
      <p>
        Chores are boring, games are fun! The rules are simple: race your family members to complete chore-lenges, earn points, and get badges. However, you can only earn points after your parents have approved your chores.
      </p>
      <p>
        Can you collect all 10 badges and become the top chorerunner in your house? Ask your parents to help you sign up today!
      </p>
      <a
        className="arcadeButton"
        href="/kidLogin"
        onClick={[Function]}
        style={
          Object {
            "textDecoration": "none",
          }
        }
        tabIndex={4}
      >
        I am a kid
      </a>
    </div>
    <header>
      <h3>
        For Parents!
      </h3>
    </header>
    <div
      className="parentImage"
    >
      <img
        alt="parent dashboard"
        src="parentScreen.png"
      />
    </div>
    <div
      className="onBoardingContent"
    >
      <h4>
        Make chores easy and fun!
      </h4>
      <p>
        Chorerunner makes chores a fun competition between kids and family members. Simply sign up, add household members, assign tasks, and let chorerunner do the rest. As members complete tasks, they move up the household leaderboard, gain levels, and earn badges.
      </p>
      <p>
        Spend less time working and more time playing. Sign in or sign up to get started!
      </p>
      <a
        className="arcadeButton"
        href="/login"
        onClick={[Function]}
        style={
          Object {
            "textDecoration": "none",
          }
        }
        tabIndex={2}
      >
        I am a parent
      </a>
      <a
        className="arcadeButton"
        href="/register"
        onClick={[Function]}
        style={
          Object {
            "textDecoration": "none",
          }
        }
        tabIndex={3}
      >
        I am new
      </a>
    </div>
  </section>
</section>
`;
