// Jest Snapshot v1, https://goo.gl/fbAQLP

exports[`Header component testing renders UI as expected 1`] = `
<nav
  className="navBar"
>
  <div
    className="logo"
  >
    <a
      href="/"
      onClick={[Function]}
    >
      Chore Runner
    </a>
  </div>
  <div
    className="navLinks"
  >
    <a
      href="/login"
      onClick={[Function]}
    >
      Login
    </a>
    <a
      href="/register"
      onClick={[Function]}
    >
      Sign Up
    </a>
  </div>
</nav>
`;

exports[`Header component testing renders empty given no tabs 1`] = `
<ContextConsumer>
  <Component />
</ContextConsumer>
`;
