// Jest Snapshot v1, https://goo.gl/fbAQLP

exports[`MemberDashboard component testing renders UI as expected 1`] = `
<section
  className="memberDashboard"
>
  <div
    className="memberDashWrapper"
  >
    <header>
      <h2
        className="videoGameTitles"
      >
        's Profile
      </h2>
    </header>
    <section
      className="leaderBoard"
    >
      <h3>
        Leaderboard
      </h3>
      <div
        className="leaderBoardGrid"
      >
        <p>
          Rank
        </p>
        <p>
          Member Name
        </p>
        <p>
          Score
        </p>
      </div>
      <ul
        className="rankings"
      />
    </section>
    <section
      className="levelInfoGrid"
    >
      <h3
        className="videoGameTitles"
      >
        's Stats
      </h3>
      <div
        className="badge"
      >
        <div
          className="imageContainer"
        >
          <img
            alt="Badge.png"
          />
        </div>
        <p>
          Level 
        </p>
      </div>
      <div
        className="status"
      >
        <h3>
          Experience
        </h3>
        <div
          className="progressBarContainer"
        >
          <div
            style={
              Object {
                "backgroundColor": "blue",
                "border": "2px solid white",
                "height": "30px",
                "position": "relative",
                "width": "100%",
              }
            }
          >
            <span
              style={
                Object {
                  "color": "#ffd900",
                  "display": "inline-block",
                  "fontWeight": "bold",
                  "padding": "5px",
                  "position": "relative",
                  "textAlign": "center",
                  "verticalAlign": "middle",
                  "width": "100%",
                  "zIndex": "2",
                }
              }
            >
              NaN / 10
            </span>
            <div
              style={
                Object {
                  "backgroundColor": "white",
                  "height": "100%",
                  "position": "absolute",
                  "textAlign": "right",
                  "top": "0",
                  "width": "NaN%",
                }
              }
            />
          </div>
        </div>
        <p>
          Total EXP: 
          <span />
        </p>
        <p>
          EXP to next level: 
          <span />
        </p>
      </div>
    </section>
    <div
      className="choresContainer"
    >
      <h2>
        Chore-llenges
      </h2>
      <p
        className="taskAlert"
      >
        You don't have any chores to do!
      </p>
    </div>
  </div>
</section>
`;
