// Jest Snapshot v1, https://goo.gl/fbAQLP

exports[`LeaderBoard component testing renders UI as expected 1`] = `
<section
  className="leaderBoard"
>
  <h3>
    Leaderboard
  </h3>
  <div
    className="leaderBoardGrid"
  >
    <p>
      Rank
    </p>
    <p>
      Member Name
    </p>
    <p>
      Score
    </p>
  </div>
  <ul
    className="rankings"
  />
</section>
`;
