// Jest Snapshot v1, https://goo.gl/fbAQLP

exports[`MemberLogin component testing renders UI as expected 1`] = `
<div
  className="container"
>
  <form
    className="memberForm"
    onSubmit={[Function]}
  >
    <div
      className="demo"
    >
      <h3>
        Demo:
      </h3>
      <p>
        username: margeincharge
      </p>
      <p>
        password: Password123!
      </p>
    </div>
    <fieldset
      className="Fieldset"
    >
      <legend
        className="Legend"
      >
        Member Login
      </legend>
      <div
        className="FormElement formElement"
      >
        <label
          className="Label"
          htmlFor="username"
        >
          Username
        </label>
        <input
          className="Input"
          name="username"
          onChange={[Function]}
          type="text"
          value=""
        />
      </div>
      <div
        className="FormElement formElement"
      >
        <label
          htmlFor="password"
        >
          Password
        </label>
        <input
          className="Input"
          name="password"
          onChange={[Function]}
          type="password"
          value=""
        />
      </div>
      <button
        className="arcadeButton"
        type="submit"
      >
        login
      </button>
    </fieldset>
  </form>
</div>
`;
