// Jest Snapshot v1, https://goo.gl/fbAQLP

exports[`renders ResultsPage as expected 1`] = `
<form
  className="registerForm"
  name="registration-form"
  onSubmit={[Function]}
>
  <fieldset
    className="Fieldset"
  >
    <legend
      className="Legend"
    >
      Sign Up
    </legend>
    <div
      className="FormElement formElement"
    >
      <label
        className="Label"
        htmlFor="registration-name-input"
      >
        Enter your name
        <span
          className="Required"
        >
          *
        </span>
      </label>
      <input
        className="Input"
        id="registration-name-input"
        name="name"
        onChange={[Function]}
        type="text"
        value=""
      />
    </div>
    <div
      className="FormElement formElement"
    >
      <label
        className="Label"
        htmlFor="registration-username-input"
      >
        Choose a username
        <span
          className="Required"
        >
          *
        </span>
      </label>
      <input
        className="Input"
        id="registration-username-input"
        name="username"
        onChange={[Function]}
        type="text"
        value=""
      />
    </div>
    <div
      className="FormElement formElement"
    >
      <label
        className="Label"
        htmlFor="registration-password-input"
      >
        Choose a password
        <span
          className="Required"
        >
          *
        </span>
      </label>
      <input
        className="Input"
        id="registration-password-input"
        name="password"
        onChange={[Function]}
        type="password"
        value=""
      />
    </div>
    <div
      className="FormElement formElement"
    >
      <label
        className="Label"
        htmlFor="registration-password-input"
      >
        Choose a password
        <span
          className="Required"
        >
          *
        </span>
      </label>
      <input
        className="Input"
        id="registration-password-input"
        name="confirmPass"
        onChange={[Function]}
        type="password"
        value=""
      />
    </div>
    <button
      className="arcadeButton"
      type="submit"
    >
      Sign up
    </button>
  </fieldset>
</form>
`;
